
> think-prep@0.1.0 build
> next build

  ??Next.js 14.2.4
  - Environments: .env.local

   Creating an optimized production build ...
 ??Compiled successfully
   Linting and checking validity of types ...
   Collecting page data ...
   Generating static pages (0/25) ...
   Generating static pages (6/25) 
   Generating static pages (12/25) 
   Generating static pages (18/25) 
 ??Generating static pages (25/25)
   Finalizing page optimization ...
   Collecting build traces ...

Route (app)                              Size     First Load JS
????/                                    10.1 kB         160 kB
????/_not-found                          871 B            88 kB
????/about/prep                          4.13 kB         140 kB
????/about/prep-prompt                   2.88 kB         143 kB
??? /api/contact                         0 B                0 B
??? /api/elenchus/chat                   0 B                0 B
??? /api/generate                        0 B                0 B
??? /api/interview/analyze               0 B                0 B
??? /api/interview/chat                  0 B                0 B
??? /api/transform                       0 B                0 B
????/elenchus                            6.88 kB         148 kB
????/prep-analysis                       7.75 kB         137 kB
????/prep-interview                      99.3 kB         287 kB
????/prep-prompt                         3.42 kB         143 kB
????/prep-training                       18.3 kB         212 kB
????/prep-training/step1                 346 B           152 kB
????/prep-training/step2                 342 B           152 kB
????/prep-training/step3                 344 B           152 kB
????/prep-training/step4                 346 B           152 kB
????/prep-transform                      7.1 kB          197 kB
????/prep-word-dancing                   4.64 kB         150 kB
????/sitemap.xml                         0 B                0 B
+ First Load JS shared by all            87.1 kB
  ??chunks/23-4bbfe793816a777a.js        31.5 kB
  ??chunks/fd9d1056-17bdd6090660658d.js  53.6 kB
  ??other shared chunks (total)          1.95 kB


?? (Static)   prerendered as static content
?  (Dynamic)  server-rendered on demand

